5841  futex(0xb19960, FUTEX_WAKE_PRIVATE, 1 <unfinished ...>
5843  <... futex resumed> )             = -1 EAGAIN (Resource temporarily unavailable)
5841  <... futex resumed> )             = 0
5843  futex(0xb19960, FUTEX_WAKE_PRIVATE, 1) = 0
5841  write(8<anon_inode:[eventfd]>, "\1\0\0\0\0\0\0\0", 8 <unfinished ...>
5843  futex(0xb19960, FUTEX_WAIT_PRIVATE, 2, NULL <unfinished ...>
5841  <... write resumed> )             = 8
5841  futex(0xb19960, FUTEX_WAKE_PRIVATE, 1 <unfinished ...>
5843  <... futex resumed> )             = 0
5841  <... futex resumed> )             = 1
5843  futex(0xb19960, FUTEX_WAKE_PRIVATE, 1) = 0
5841  write(8<anon_inode:[eventfd]>, "\1\0\0\0\0\0\0\0", 8 <unfinished ...>
5843  futex(0xb19960, FUTEX_WAIT_PRIVATE, 2, NULL <unfinished ...>
5841  <... write resumed> )             = 8
5841  futex(0xb19960, FUTEX_WAKE_PRIVATE, 1 <unfinished ...>
5843  <... futex resumed> )             = 0
5841  <... futex resumed> )             = 1
5843  futex(0xb19960, FUTEX_WAKE_PRIVATE, 1 <unfinished ...>
5841  eventfd2(0, EFD_CLOEXEC|EFD_NONBLOCK <unfinished ...>
5843  <... futex resumed> )             = 0
5841  <... eventfd2 resumed> )          = 13<anon_inode:[eventfd]>
5843  poll([{fd=6<UNIX:[65074->68282]>, events=POLLIN}, {fd=8<anon_inode:[eventfd]>, events=POLLIN}], 2, 0 <unfinished ...>
5841  write(13<anon_inode:[eventfd]>, "\1\0\0\0\0\0\0\0", 8 <unfinished ...>
5843  <... poll resumed> )              = 1 ([{fd=8, revents=POLLIN}])
5841  <... write resumed> )             = 8
5843  read(8<anon_inode:[eventfd]>, "\3\0\0\0\0\0\0\0", 16) = 8
5841  futex(0xb19960, FUTEX_WAIT_PRIVATE, 2, NULL <unfinished ...>
5843  futex(0xb19960, FUTEX_WAKE_PRIVATE, 1 <unfinished ...>
5841  <... futex resumed> )             = -1 EAGAIN (Resource temporarily unavailable)
5843  <... futex resumed> )             = 0
5841  write(8<anon_inode:[eventfd]>, "\1\0\0\0\0\0\0\0", 8 <unfinished ...>
5843  futex(0xb19960, FUTEX_WAIT_PRIVATE, 2, NULL <unfinished ...>
5841  <... write resumed> )             = 8
5841  futex(0xb19960, FUTEX_WAKE_PRIVATE, 1 <unfinished ...>
5843  <... futex resumed> )             = 0
5841  <... futex resumed> )             = 1
5843  futex(0xb19960, FUTEX_WAKE_PRIVATE, 1 <unfinished ...>
5841  poll([{fd=13<anon_inode:[eventfd]>, events=POLLIN}], 1, 25000 <unfinished ...>
5843  <... futex resumed> )             = 0
5841  <... poll resumed> )              = 1 ([{fd=13, revents=POLLIN}])
5843  sendmsg(12<UNIX:[68283->68810]>, {msg_name(0)=NULL, msg_iov(1)=[{"l\1\0\1\276\0\0\0\2\0\0\0}\0\0\0\10\1g\0\1s\0\0\1\1o\0\25\0\0\0/org/freedesktop/DBus\0\0\0\3\1s\0\10\0\0\0AddMatch\0\0\0\0\0\0\0\0\2\1s\0\24\0\0\0org.freedesktop.DBus\0\0\0\0\6\1s\0\24\0\0\0org.freedesktop.DBus\0\0\0\0\271\0\0\0type='signal',sender='org.freedesktop.login1',interf"..., 334}], msg_controllen=0, msg_flags=0}, MSG_NOSIGNAL <unfinished ...>
5841  poll([{fd=13<anon_inode:[eventfd]>, events=POLLIN}], 1, 25000 <unfinished ...>
5843  <... sendmsg resumed> )           = 334
5841  <... poll resumed> )              = 1 ([{fd=13, revents=POLLIN}])
5841  read(13<anon_inode:[eventfd]>,  <unfinished ...>
5843  poll([{fd=12<UNIX:[68283->68810]>, events=POLLIN}], 1, 0 <unfinished ...>
5841  <... read resumed> "\1\0\0\0\0\0\0\0", 16) = 8
5843  <... poll resumed> )              = 1 ([{fd=12, revents=POLLIN}])
5841  poll([{fd=13<anon_inode:[eventfd]>, events=POLLIN}], 1, 25000 <unfinished ...>
5843  recvmsg(12<UNIX:[68283->68810]>, {msg_name(0)=NULL, msg_iov(1)=[{"l\2\1\1\0\0\0\0\3\0\0\0005\0\0\0", 16}], msg_controllen=0, msg_flags=MSG_CMSG_CLOEXEC}, MSG_CMSG_CLOEXEC) = 16
5843  poll([{fd=6<UNIX:[65074->68282]>, events=POLLIN}, {fd=8<anon_inode:[eventfd]>, events=POLLIN}], 2, 0) = 1 ([{fd=8, revents=POLLIN}])
5843  read(8<anon_inode:[eventfd]>, "\1\0\0\0\0\0\0\0", 16) = 8
5843  sendmsg(12<UNIX:[68283->68810]>, {msg_name(0)=NULL, msg_iov(1)=[{"l\1\0\1|\0\0\0\3\0\0\0}\0\0\0\10\1g\0\1s\0\0\1\1o\0\25\0\0\0/org/freedesktop/DBus\0\0\0\3\1s\0\10\0\0\0AddMatch\0\0\0\0\0\0\0\0\2\1s\0\24\0\0\0org.freedesktop.DBus\0\0\0\0\6\1s\0\24\0\0\0org.freedesktop.DBus\0\0\0\0w\0\0\0type='signal',sender='org.freedesktop.login1',interf"..., 268}], msg_controllen=0, msg_flags=0}, MSG_NOSIGNAL) = 268
5843  poll([{fd=12<UNIX:[68283->68810]>, events=POLLIN}], 1, 0) = 1 ([{fd=12, revents=POLLIN}])
5843  recvmsg(12<UNIX:[68283->68810]>, {msg_name(0)=NULL, msg_iov(1)=[{"\6\1s\0\6\0\0\0:1.307\0\0\5\1u\0\2\0\0\0\7\1s\0\24\0\0\0org.freedesktop.DBus\0\0\0\0", 56}], msg_controllen=0, msg_flags=MSG_CMSG_CLOEXEC}, MSG_CMSG_CLOEXEC) = 56
5843  poll([{fd=6<UNIX:[65074->68282]>, events=POLLIN}, {fd=8<anon_inode:[eventfd]>, events=POLLIN}], 2, 0) = 0 (Timeout)
5843  read(8<anon_inode:[eventfd]>, 0x7f70631a3b70, 16) = -1 EAGAIN (Resource temporarily unavailable)
5843  sendmsg(12<UNIX:[68283->68810]>, {msg_name(0)=NULL, msg_iov(1)=[{"l\1\0\1\246\0\0\0\4\0\0\0}\0\0\0\10\1g\0\1s\0\0\1\1o\0\25\0\0\0/org/freedesktop/DBus\0\0\0\3\1s\0\10\0\0\0AddMatch\0\0\0\0\0\0\0\0\2\1s\0\24\0\0\0org.freedesktop.DBus\0\0\0\0\6\1s\0\24\0\0\0org.freedesktop.DBus\0\0\0\0\241\0\0\0type='signal',sender='org.freedesktop.DBus',interfac"..., 310}], msg_controllen=0, msg_flags=0}, MSG_NOSIGNAL) = 310
5843  poll([{fd=12<UNIX:[68283->68810]>, events=POLLIN}], 1, 0) = 1 ([{fd=12, revents=POLLIN}])
5843  recvmsg(12<UNIX:[68283->68810]>, {msg_name(0)=NULL, msg_iov(1)=[{"l\2\1\1\0\0\0\0\4\0\0\0005\0\0\0", 16}], msg_controllen=0, msg_flags=MSG_CMSG_CLOEXEC}, MSG_CMSG_CLOEXEC) = 16
5843  poll([{fd=6<UNIX:[65074->68282]>, events=POLLIN}, {fd=8<anon_inode:[eventfd]>, events=POLLIN}], 2, 0) = 0 (Timeout)
5843  sendmsg(12<UNIX:[68283->68810]>, {msg_name(0)=NULL, msg_iov(1)=[{"l\1\0\1 \0\0\0\5\0\0\0\205\0\0\0\10\1g\0\2su\0\1\1o\0\25\0\0\0/org/freedesktop/DBus\0\0\0\3\1s\0\22\0\0\0StartServiceByName\0\0\0\0\0\0\2\1s\0\24\0\0\0org.freedesktop.DBus\0\0\0\0\6\1s\0\24\0\0\0org.freedesktop.DBus\0\0\0\0\26\0\0\0org.freedesktop.login1\0\0\0\0\0\0", 184}], msg_controllen=0, msg_flags=0}, MSG_NOSIGNAL) = 184
5843  poll([{fd=12<UNIX:[68283->68810]>, events=POLLIN}], 1, 0) = 1 ([{fd=12, revents=POLLIN}])
5843  recvmsg(12<UNIX:[68283->68810]>, {msg_name(0)=NULL, msg_iov(1)=[{"\6\1s\0\6\0\0\0:1.307\0\0\5\1u\0\3\0\0\0\7\1s\0\24\0\0\0org.freedesktop.DBus\0\0\0\0", 56}], msg_controllen=0, msg_flags=MSG_CMSG_CLOEXEC}, MSG_CMSG_CLOEXEC) = 56
5843  poll([{fd=6<UNIX:[65074->68282]>, events=POLLIN}, {fd=8<anon_inode:[eventfd]>, events=POLLIN}], 2, 0) = 0 (Timeout)
5843  poll([{fd=12<UNIX:[68283->68810]>, events=POLLIN}], 1, 0) = 1 ([{fd=12, revents=POLLIN}])
5843  recvmsg(12<UNIX:[68283->68810]>, {msg_name(0)=NULL, msg_iov(1)=[{"l\2\1\1\0\0\0\0\5\0\0\0005\0\0\0", 16}], msg_controllen=0, msg_flags=MSG_CMSG_CLOEXEC}, MSG_CMSG_CLOEXEC) = 16
5843  poll([{fd=6<UNIX:[65074->68282]>, events=POLLIN}, {fd=8<anon_inode:[eventfd]>, events=POLLIN}], 2, 0) = 0 (Timeout)
5843  poll([{fd=12<UNIX:[68283->68810]>, events=POLLIN}], 1, 0) = 1 ([{fd=12, revents=POLLIN}])
5843  recvmsg(12<UNIX:[68283->68810]>, {msg_name(0)=NULL, msg_iov(1)=[{"\6\1s\0\6\0\0\0:1.307\0\0\5\1u\0\4\0\0\0\7\1s\0\24\0\0\0org.freedesktop.DBus\0\0\0\0", 56}], msg_controllen=0, msg_flags=MSG_CMSG_CLOEXEC}, MSG_CMSG_CLOEXEC) = 56
5843  poll([{fd=6<UNIX:[65074->68282]>, events=POLLIN}, {fd=8<anon_inode:[eventfd]>, events=POLLIN}], 2, 0) = 0 (Timeout)
5843  poll([{fd=12<UNIX:[68283->68810]>, events=POLLIN}], 1, 0) = 1 ([{fd=12, revents=POLLIN}])
5843  recvmsg(12<UNIX:[68283->68810]>, {msg_name(0)=NULL, msg_iov(1)=[{"l\2\1\1\4\0\0\0\6\0\0\0=\0\0\0", 16}], msg_controllen=0, msg_flags=MSG_CMSG_CLOEXEC}, MSG_CMSG_CLOEXEC) = 16
5843  poll([{fd=6<UNIX:[65074->68282]>, events=POLLIN}, {fd=8<anon_inode:[eventfd]>, events=POLLIN}], 2, 0) = 0 (Timeout)
5843  poll([{fd=12<UNIX:[68283->68810]>, events=POLLIN}], 1, 0) = 1 ([{fd=12, revents=POLLIN}])
5843  recvmsg(12<UNIX:[68283->68810]>, {msg_name(0)=NULL, msg_iov(1)=[{"\6\1s\0\6\0\0\0:1.307\0\0\5\1u\0\5\0\0\0\10\1g\0\1u\0\0\7\1s\0\24\0\0\0org.freedesktop.DBus\0\0\0\0\2\0\0\0", 68}], msg_controllen=0, msg_flags=MSG_CMSG_CLOEXEC}, MSG_CMSG_CLOEXEC) = 68
5843  poll([{fd=6<UNIX:[65074->68282]>, events=POLLIN}, {fd=8<anon_inode:[eventfd]>, events=POLLIN}], 2, 0) = 0 (Timeout)
5843  write(13<anon_inode:[eventfd]>, "\1\0\0\0\0\0\0\0", 8) = 8
5843  poll([{fd=12<UNIX:[68283->68810]>, events=POLLIN}], 1, 0 <unfinished ...>
5841  <... poll resumed> )              = 1 ([{fd=13, revents=POLLIN}])
5843  <... poll resumed> )              = 0 (Timeout)
5841  read(13<anon_inode:[eventfd]>,  <unfinished ...>
5843  write(8<anon_inode:[eventfd]>, "\1\0\0\0\0\0\0\0", 8 <unfinished ...>
5841  <... read resumed> "\1\0\0\0\0\0\0\0", 16) = 8
5843  <... write resumed> )             = 8
5843  poll([{fd=6<UNIX:[65074->68282]>, events=POLLIN}, {fd=8<anon_inode:[eventfd]>, events=POLLIN}, {fd=12<UNIX:[68283->68810]>, events=POLLIN}], 3, -1 <unfinished ...>
5841  write(8<anon_inode:[eventfd]>, "\1\0\0\0\0\0\0\0", 8 <unfinished ...>
5843  <... poll resumed> )              = 1 ([{fd=8, revents=POLLIN}])
5841  <... write resumed> )             = 8
5843  futex(0xb19960, FUTEX_WAIT_PRIVATE, 2, NULL <unfinished ...>
5841  futex(0xb19960, FUTEX_WAKE_PRIVATE, 1 <unfinished ...>
5843  <... futex resumed> )             = -1 EAGAIN (Resource temporarily unavailable)
5841  <... futex resumed> )             = 0
5843  futex(0xb19960, FUTEX_WAKE_PRIVATE, 1 <unfinished ...>
5841  poll([{fd=13<anon_inode:[eventfd]>, events=POLLIN}], 1, 25000 <unfinished ...>
5843  <... futex resumed> )             = 0
5843  sendmsg(12<UNIX:[68283->68810]>, {msg_name(0)=NULL, msg_iov(1)=[{"l\1\0\1\33\0\0\0\6\0\0\0}\0\0\0\10\1g\0\1s\0\0\1\1o\0\25\0\0\0/org/freedesktop/DBus\0\0\0\3\1s\0\f\0\0\0GetNameOwner\0\0\0\0\2\1s\0\24\0\0\0org.freedesktop.DBus\0\0\0\0\6\1s\0\24\0\0\0org.freedesktop.DBus\0\0\0\0\26\0\0\0org.freedesktop.login1\0", 171}], msg_controllen=0, msg_flags=0}, MSG_NOSIGNAL) = 171
5843  poll([{fd=6<UNIX:[65074->68282]>, events=POLLIN}, {fd=8<anon_inode:[eventfd]>, events=POLLIN}, {fd=12<UNIX:[68283->68810]>, events=POLLIN}], 3, 0) = 2 ([{fd=8, revents=POLLIN}, {fd=12, revents=POLLIN}])
5843  read(8<anon_inode:[eventfd]>, "\2\0\0\0\0\0\0\0", 16) = 8
5843  write(8<anon_inode:[eventfd]>, "\1\0\0\0\0\0\0\0", 8) = 8
5843  recvmsg(12<UNIX:[68283->68810]>, {msg_name(0)=NULL, msg_iov(1)=[{"l\2\1\1\t\0\0\0\7\0\0\0=\0\0\0", 16}], msg_controllen=0, msg_flags=MSG_CMSG_CLOEXEC}, MSG_CMSG_CLOEXEC) = 16
5843  poll([{fd=12<UNIX:[68283->68810]>, events=POLLIN}], 1, 0) = 1 ([{fd=12, revents=POLLIN}])
5843  recvmsg(12<UNIX:[68283->68810]>, {msg_name(0)=NULL, msg_iov(1)=[{"\6\1s\0\6\0\0\0:1.307\0\0\5\1u\0\6\0\0\0\10\1g\0\1s\0\0\7\1s\0\24\0\0\0org.freedesktop.DBus\0\0\0\0\4\0\0\0:1.1\0", 73}], msg_controllen=0, msg_flags=MSG_CMSG_CLOEXEC}, MSG_CMSG_CLOEXEC) = 73
5843  write(8<anon_inode:[eventfd]>, "\1\0\0\0\0\0\0\0", 8) = 8
5843  write(8<anon_inode:[eventfd]>, "\1\0\0\0\0\0\0\0", 8) = 8
5843  poll([{fd=6<UNIX:[65074->68282]>, events=POLLIN}, {fd=8<anon_inode:[eventfd]>, events=POLLIN}], 2, 0) = 1 ([{fd=8, revents=POLLIN}])
5843  read(8<anon_inode:[eventfd]>, "\3\0\0\0\0\0\0\0", 16) = 8
5843  write(13<anon_inode:[eventfd]>, "\1\0\0\0\0\0\0\0", 8) = 8
5841  <... poll resumed> )              = 1 ([{fd=13, revents=POLLIN}])
5843  poll([{fd=12<UNIX:[68283->68810]>, events=POLLIN}], 1, 0 <unfinished ...>
5841  read(13<anon_inode:[eventfd]>,  <unfinished ...>
5843  <... poll resumed> )              = 0 (Timeout)
5841  <... read resumed> "\1\0\0\0\0\0\0\0", 16) = 8
5843  write(8<anon_inode:[eventfd]>, "\1\0\0\0\0\0\0\0", 8) = 8
5843  futex(0xb19960, FUTEX_WAIT_PRIVATE, 2, NULL <unfinished ...>
5841  write(8<anon_inode:[eventfd]>, "\1\0\0\0\0\0\0\0", 8) = 8
5841  futex(0xb19960, FUTEX_WAKE_PRIVATE, 1 <unfinished ...>
5843  <... futex resumed> )             = 0
5841  <... futex resumed> )             = 1
5843  futex(0xb19960, FUTEX_WAKE_PRIVATE, 1) = 0
5841  poll([{fd=13<anon_inode:[eventfd]>, events=POLLIN}], 1, 25000 <unfinished ...>
5843  poll([{fd=6<UNIX:[65074->68282]>, events=POLLIN}, {fd=8<anon_inode:[eventfd]>, events=POLLIN}, {fd=12<UNIX:[68283->68810]>, events=POLLIN}], 3, 0) = 1 ([{fd=8, revents=POLLIN}])
5843  read(8<anon_inode:[eventfd]>, "\2\0\0\0\0\0\0\0", 16) = 8
5843  sendmsg(12<UNIX:[68283->68810]>, {msg_name(0)=NULL, msg_iov(1)=[{"l\1\0\1#\0\0\0\7\0\0\0m\0\0\0\10\1g\0\1s\0\0\1\1o\0\27\0\0\0/org/freedesktop/login1\0\3\1s\0\6\0\0\0GetAll\0\0\2\1s\0\37\0\0\0org.freedesktop.DBus.Properties\0\6\1s\0\4\0\0\0:1.1\0\0\0\0\36\0\0\0org.freedesktop.login1.Manager\0", 163}], msg_controllen=0, msg_flags=0}, MSG_NOSIGNAL) = 163
5843  poll([{fd=6<UNIX:[65074->68282]>, events=POLLIN}, {fd=8<anon_inode:[eventfd]>, events=POLLIN}, {fd=12<UNIX:[68283->68810]>, events=POLLIN}], 3, 0) = 0 (Timeout)
5843  read(8<anon_inode:[eventfd]>, 0x7f70631a3b70, 16) = -1 EAGAIN (Resource temporarily unavailable)
5843  poll([{fd=6<UNIX:[65074->68282]>, events=POLLIN}, {fd=8<anon_inode:[eventfd]>, events=POLLIN}, {fd=12<UNIX:[68283->68810]>, events=POLLIN}], 3, -1) = 1 ([{fd=12, revents=POLLIN}])
5843  write(8<anon_inode:[eventfd]>, "\1\0\0\0\0\0\0\0", 8) = 8
5843  recvmsg(12<UNIX:[68283->68810]>, {msg_name(0)=NULL, msg_iov(1)=[{"l\2\1\1\214\3\0\0\371\2\0\0005\0\0\0", 16}], msg_controllen=0, msg_flags=MSG_CMSG_CLOEXEC}, MSG_CMSG_CLOEXEC) = 16
5843  poll([{fd=12<UNIX:[68283->68810]>, events=POLLIN}], 1, 0) = 1 ([{fd=12, revents=POLLIN}])
5843  recvmsg(12<UNIX:[68283->68810]>, {msg_name(0)=NULL, msg_iov(1)=[{"\5\1u\0\7\0\0\0\6\1s\0\6\0\0\0:1.307\0\0\10\1g\0\5a{sv}\0\0\0\0\0\0\7\1s\0\4\0\0\0:1.1\0\0\0\0\204\3\0\0\0\0\0\0\22\0\0\0EnableWallMessages\0\1b\0\0\0\0\0\0\0\v\0\0\0WallMessage\0\1s\0\0\0\0\0\0\0\0\0\0\0\0\0\0\10\0\0\0NAutoVTs\0\1u\0\6\0\0\0\0\0\0\0\r\0\0\0KillOnlyUsers\0\2as\0\0\0\0\0\0\0\0\0\0\0\20\0\0\0KillExcludeU"..., 964}], msg_controllen=0, msg_flags=MSG_CMSG_CLOEXEC}, MSG_CMSG_CLOEXEC) = 964
5843  write(8<anon_inode:[eventfd]>, "\1\0\0\0\0\0\0\0", 8) = 8
5843  write(8<anon_inode:[eventfd]>, "\1\0\0\0\0\0\0\0", 8) = 8
5843  poll([{fd=6<UNIX:[65074->68282]>, events=POLLIN}, {fd=8<anon_inode:[eventfd]>, events=POLLIN}], 2, 0) = 1 ([{fd=8, revents=POLLIN}])
5843  write(13<anon_inode:[eventfd]>, "\1\0\0\0\0\0\0\0", 8) = 8
5841  <... poll resumed> )              = 1 ([{fd=13, revents=POLLIN}])
5843  poll([{fd=12<UNIX:[68283->68810]>, events=POLLIN}], 1, 0 <unfinished ...>
5841  read(13<anon_inode:[eventfd]>,  <unfinished ...>
5843  <... poll resumed> )              = 0 (Timeout)
5841  <... read resumed> "\1\0\0\0\0\0\0\0", 16) = 8
5843  write(8<anon_inode:[eventfd]>, "\1\0\0\0\0\0\0\0", 8 <unfinished ...>
5841  write(13<anon_inode:[eventfd]>, "\1\0\0\0\0\0\0\0", 8 <unfinished ...>
5843  <... write resumed> )             = 8
5841  <... write resumed> )             = 8
5843  poll([{fd=6<UNIX:[65074->68282]>, events=POLLIN}, {fd=8<anon_inode:[eventfd]>, events=POLLIN}, {fd=12<UNIX:[68283->68810]>, events=POLLIN}], 3, -1 <unfinished ...>
5841  futex(0xb4ec20, FUTEX_WAKE_PRIVATE, 2147483647 <unfinished ...>
5843  <... poll resumed> )              = 1 ([{fd=8, revents=POLLIN}])
5841  <... futex resumed> )             = 0
5843  read(8<anon_inode:[eventfd]>, "\4\0\0\0\0\0\0\0", 16) = 8
5841  close(13<anon_inode:[eventfd]> <unfinished ...>
5843  poll([{fd=6<UNIX:[65074->68282]>, events=POLLIN}, {fd=8<anon_inode:[eventfd]>, events=POLLIN}, {fd=12<UNIX:[68283->68810]>, events=POLLIN}], 3, -1 <unfinished ...>
5841  <... close resumed> )             = 0
5841  eventfd2(0, EFD_CLOEXEC|EFD_NONBLOCK) = 13<anon_inode:[eventfd]>
5841  write(13<anon_inode:[eventfd]>, "\1\0\0\0\0\0\0\0", 8) = 8
5841  write(8<anon_inode:[eventfd]>, "\1\0\0\0\0\0\0\0", 8 <unfinished ...>
5843  <... poll resumed> )              = 1 ([{fd=8, revents=POLLIN}])
5841  <... write resumed> )             = 8
5843  futex(0xb19960, FUTEX_WAIT_PRIVATE, 2, NULL <unfinished ...>
5841  futex(0xb19960, FUTEX_WAKE_PRIVATE, 1 <unfinished ...>
5843  <... futex resumed> )             = -1 EAGAIN (Resource temporarily unavailable)
5841  <... futex resumed> )             = 0
5843  read(8<anon_inode:[eventfd]>,  <unfinished ...>
5841  futex(0xb19960, FUTEX_WAIT_PRIVATE, 2, NULL <unfinished ...>
5843  <... read resumed> "\1\0\0\0\0\0\0\0", 16) = 8
5843  futex(0xb19960, FUTEX_WAKE_PRIVATE, 1) = 1
5841  <... futex resumed> )             = 0
5843  futex(0xb4b9b0, FUTEX_WAIT_PRIVATE, 2, NULL <unfinished ...>
5841  futex(0xb19960, FUTEX_WAKE_PRIVATE, 1) = 0
5841  futex(0xb4b9b0, FUTEX_WAKE_PRIVATE, 1 <unfinished ...>
5843  <... futex resumed> )             = 0
5841  <... futex resumed> )             = 1
5843  futex(0xb4b9b0, FUTEX_WAKE_PRIVATE, 1 <unfinished ...>
5841  poll([{fd=13<anon_inode:[eventfd]>, events=POLLIN}], 1, 25000 <unfinished ...>
5843  <... futex resumed> )             = 0
5841  <... poll resumed> )              = 1 ([{fd=13, revents=POLLIN}])
5843  sendmsg(12<UNIX:[68283->68810]>, {msg_name(0)=NULL, msg_iov(1)=[{"l\1\0\1\0\0\0\0\10\0\0\0m\0\0\0\1\1o\0\27\0\0\0/org/freedesktop/login1\0\3\1s\0\v\0\0\0CanPowerOff\0\0\0\0\0\2\1s\0\36\0\0\0org.freedesktop.login1.Manager\0\0\6\1s\0\4\0\0\0:1.1\0\0\0\0", 128}], msg_controllen=0, msg_flags=0}, MSG_NOSIGNAL <unfinished ...>
5841  poll([{fd=13<anon_inode:[eventfd]>, events=POLLIN}], 1, 25000 <unfinished ...>
5843  <... sendmsg resumed> )           = 128
5841  <... poll resumed> )              = 1 ([{fd=13, revents=POLLIN}])
5843  poll([{fd=6<UNIX:[65074->68282]>, events=POLLIN}, {fd=8<anon_inode:[eventfd]>, events=POLLIN}, {fd=12<UNIX:[68283->68810]>, events=POLLIN}], 3, 0) = 0 (Timeout)
5841  read(13<anon_inode:[eventfd]>,  <unfinished ...>
5843  read(8<anon_inode:[eventfd]>,  <unfinished ...>
5841  <... read resumed> "\1\0\0\0\0\0\0\0", 16) = 8
5843  <... read resumed> 0x7f70631a3b70, 16) = -1 EAGAIN (Resource temporarily unavailable)
5843  poll([{fd=6<UNIX:[65074->68282]>, events=POLLIN}, {fd=8<anon_inode:[eventfd]>, events=POLLIN}, {fd=12<UNIX:[68283->68810]>, events=POLLIN}], 3, -1 <unfinished ...>
5841  poll([{fd=13<anon_inode:[eventfd]>, events=POLLIN}], 1, 25000 <unfinished ...>
5843  <... poll resumed> )              = 1 ([{fd=12, revents=POLLIN}])
5843  write(8<anon_inode:[eventfd]>, "\1\0\0\0\0\0\0\0", 8) = 8
5843  recvmsg(12<UNIX:[68283->68810]>, {msg_name(0)=NULL, msg_iov(1)=[{"l\2\1\1\10\0\0\0\375\2\0\0-\0\0\0", 16}], msg_controllen=0, msg_flags=MSG_CMSG_CLOEXEC}, MSG_CMSG_CLOEXEC) = 16
5843  poll([{fd=12<UNIX:[68283->68810]>, events=POLLIN}], 1, 0) = 1 ([{fd=12, revents=POLLIN}])
5843  recvmsg(12<UNIX:[68283->68810]>, {msg_name(0)=NULL, msg_iov(1)=[{"\5\1u\0\10\0\0\0\6\1s\0\6\0\0\0:1.307\0\0\10\1g\0\1s\0\0\7\1s\0\4\0\0\0:1.1\0\0\0\0\3\0\0\0yes\0", 56}], msg_controllen=0, msg_flags=MSG_CMSG_CLOEXEC}, MSG_CMSG_CLOEXEC) = 56
5843  write(8<anon_inode:[eventfd]>, "\1\0\0\0\0\0\0\0", 8) = 8
5843  write(8<anon_inode:[eventfd]>, "\1\0\0\0\0\0\0\0", 8) = 8
5843  poll([{fd=6<UNIX:[65074->68282]>, events=POLLIN}, {fd=8<anon_inode:[eventfd]>, events=POLLIN}], 2, 0) = 1 ([{fd=8, revents=POLLIN}])
5843  write(13<anon_inode:[eventfd]>, "\1\0\0\0\0\0\0\0", 8) = 8
5841  <... poll resumed> )              = 1 ([{fd=13, revents=POLLIN}])
5843  poll([{fd=12<UNIX:[68283->68810]>, events=POLLIN}], 1, 0 <unfinished ...>
5841  read(13<anon_inode:[eventfd]>,  <unfinished ...>
5843  <... poll resumed> )              = 0 (Timeout)
5841  <... read resumed> "\1\0\0\0\0\0\0\0", 16) = 8
5843  write(8<anon_inode:[eventfd]>, "\1\0\0\0\0\0\0\0", 8 <unfinished ...>
5841  write(13<anon_inode:[eventfd]>, "\1\0\0\0\0\0\0\0", 8 <unfinished ...>
5843  <... write resumed> )             = 8
5841  <... write resumed> )             = 8
5843  poll([{fd=6<UNIX:[65074->68282]>, events=POLLIN}, {fd=8<anon_inode:[eventfd]>, events=POLLIN}, {fd=12<UNIX:[68283->68810]>, events=POLLIN}], 3, -1 <unfinished ...>
5841  futex(0xb4d410, FUTEX_WAKE_PRIVATE, 2147483647 <unfinished ...>
5843  <... poll resumed> )              = 1 ([{fd=8, revents=POLLIN}])
5841  <... futex resumed> )             = 0
5843  read(8<anon_inode:[eventfd]>,  <unfinished ...>
5841  close(13<anon_inode:[eventfd]> <unfinished ...>
5843  <... read resumed> "\4\0\0\0\0\0\0\0", 16) = 8
5841  <... close resumed> )             = 0
5843  poll([{fd=6<UNIX:[65074->68282]>, events=POLLIN}, {fd=8<anon_inode:[eventfd]>, events=POLLIN}, {fd=12<UNIX:[68283->68810]>, events=POLLIN}], 3, -1 <unfinished ...>
5841  eventfd2(0, EFD_CLOEXEC|EFD_NONBLOCK) = 13<anon_inode:[eventfd]>
5841  write(13<anon_inode:[eventfd]>, "\1\0\0\0\0\0\0\0", 8) = 8
5841  write(8<anon_inode:[eventfd]>, "\1\0\0\0\0\0\0\0", 8) = 8
5843  <... poll resumed> )              = 1 ([{fd=8, revents=POLLIN}])
5841  poll([{fd=13<anon_inode:[eventfd]>, events=POLLIN}], 1, 25000 <unfinished ...>
5843  read(8<anon_inode:[eventfd]>,  <unfinished ...>
5841  <... poll resumed> )              = 1 ([{fd=13, revents=POLLIN}])
5843  <... read resumed> "\1\0\0\0\0\0\0\0", 16) = 8
5841  poll([{fd=13<anon_inode:[eventfd]>, events=POLLIN}], 1, 25000 <unfinished ...>
5843  sendmsg(12<UNIX:[68283->68810]>, {msg_name(0)=NULL, msg_iov(1)=[{"l\1\0\1\0\0\0\0\t\0\0\0m\0\0\0\1\1o\0\27\0\0\0/org/freedesktop/login1\0\3\1s\0\t\0\0\0CanReboot\0\0\0\0\0\0\0\2\1s\0\36\0\0\0org.freedesktop.login1.Manager\0\0\6\1s\0\4\0\0\0:1.1\0\0\0\0", 128}], msg_controllen=0, msg_flags=0}, MSG_NOSIGNAL <unfinished ...>
5841  <... poll resumed> )              = 1 ([{fd=13, revents=POLLIN}])
5843  <... sendmsg resumed> )           = 128
5841  read(13<anon_inode:[eventfd]>,  <unfinished ...>
5843  poll([{fd=6<UNIX:[65074->68282]>, events=POLLIN}, {fd=8<anon_inode:[eventfd]>, events=POLLIN}, {fd=12<UNIX:[68283->68810]>, events=POLLIN}], 3, 0 <unfinished ...>
5841  <... read resumed> "\1\0\0\0\0\0\0\0", 16) = 8
5843  <... poll resumed> )              = 0 (Timeout)
5841  poll([{fd=13<anon_inode:[eventfd]>, events=POLLIN}], 1, 25000 <unfinished ...>
5843  read(8<anon_inode:[eventfd]>, 0x7f70631a3b70, 16) = -1 EAGAIN (Resource temporarily unavailable)
5843  poll([{fd=6<UNIX:[65074->68282]>, events=POLLIN}, {fd=8<anon_inode:[eventfd]>, events=POLLIN}, {fd=12<UNIX:[68283->68810]>, events=POLLIN}], 3, -1) = 1 ([{fd=12, revents=POLLIN}])
5843  write(8<anon_inode:[eventfd]>, "\1\0\0\0\0\0\0\0", 8) = 8
5843  recvmsg(12<UNIX:[68283->68810]>, {msg_name(0)=NULL, msg_iov(1)=[{"l\2\1\1\10\0\0\0\1\3\0\0-\0\0\0", 16}], msg_controllen=0, msg_flags=MSG_CMSG_CLOEXEC}, MSG_CMSG_CLOEXEC) = 16
5843  poll([{fd=12<UNIX:[68283->68810]>, events=POLLIN}], 1, 0) = 1 ([{fd=12, revents=POLLIN}])
5843  recvmsg(12<UNIX:[68283->68810]>, {msg_name(0)=NULL, msg_iov(1)=[{"\5\1u\0\t\0\0\0\6\1s\0\6\0\0\0:1.307\0\0\10\1g\0\1s\0\0\7\1s\0\4\0\0\0:1.1\0\0\0\0\3\0\0\0yes\0", 56}], msg_controllen=0, msg_flags=MSG_CMSG_CLOEXEC}, MSG_CMSG_CLOEXEC) = 56
5843  write(8<anon_inode:[eventfd]>, "\1\0\0\0\0\0\0\0", 8) = 8
5843  write(8<anon_inode:[eventfd]>, "\1\0\0\0\0\0\0\0", 8) = 8
5843  poll([{fd=6<UNIX:[65074->68282]>, events=POLLIN}, {fd=8<anon_inode:[eventfd]>, events=POLLIN}], 2, 0) = 1 ([{fd=8, revents=POLLIN}])
5843  write(13<anon_inode:[eventfd]>, "\1\0\0\0\0\0\0\0", 8) = 8
5841  <... poll resumed> )              = 1 ([{fd=13, revents=POLLIN}])
5843  poll([{fd=12<UNIX:[68283->68810]>, events=POLLIN}], 1, 0) = 0 (Timeout)
5841  read(13<anon_inode:[eventfd]>,  <unfinished ...>
5843  write(8<anon_inode:[eventfd]>, "\1\0\0\0\0\0\0\0", 8) = 8
5841  <... read resumed> "\1\0\0\0\0\0\0\0", 16) = 8
5843  poll([{fd=6<UNIX:[65074->68282]>, events=POLLIN}, {fd=8<anon_inode:[eventfd]>, events=POLLIN}, {fd=12<UNIX:[68283->68810]>, events=POLLIN}], 3, -1 <unfinished ...>
5841  write(13<anon_inode:[eventfd]>, "\1\0\0\0\0\0\0\0", 8 <unfinished ...>
5843  <... poll resumed> )              = 1 ([{fd=8, revents=POLLIN}])
5843  read(8<anon_inode:[eventfd]>,  <unfinished ...>
5841  <... write resumed> )             = 8
5843  <... read resumed> "\4\0\0\0\0\0\0\0", 16) = 8
5841  futex(0xb4d9f0, FUTEX_WAKE_PRIVATE, 2147483647 <unfinished ...>
5843  poll([{fd=6<UNIX:[65074->68282]>, events=POLLIN}, {fd=8<anon_inode:[eventfd]>, events=POLLIN}, {fd=12<UNIX:[68283->68810]>, events=POLLIN}], 3, -1 <unfinished ...>
5841  <... futex resumed> )             = 0
5841  close(13<anon_inode:[eventfd]>)   = 0
5841  eventfd2(0, EFD_CLOEXEC|EFD_NONBLOCK) = 13<anon_inode:[eventfd]>
5841  write(13<anon_inode:[eventfd]>, "\1\0\0\0\0\0\0\0", 8) = 8
5841  write(8<anon_inode:[eventfd]>, "\1\0\0\0\0\0\0\0", 8 <unfinished ...>
5843  <... poll resumed> )              = 1 ([{fd=8, revents=POLLIN}])
5841  <... write resumed> )             = 8
5843  futex(0xb19960, FUTEX_WAIT_PRIVATE, 2, NULL <unfinished ...>
5841  futex(0xb19960, FUTEX_WAKE_PRIVATE, 1 <unfinished ...>
5843  <... futex resumed> )             = -1 EAGAIN (Resource temporarily unavailable)
5841  <... futex resumed> )             = 0
5843  read(8<anon_inode:[eventfd]>,  <unfinished ...>
5841  futex(0xb19960, FUTEX_WAIT_PRIVATE, 2, NULL <unfinished ...>
5843  <... read resumed> "\1\0\0\0\0\0\0\0", 16) = 8
5843  futex(0xb19960, FUTEX_WAKE_PRIVATE, 1) = 1
5841  <... futex resumed> )             = 0
5843  futex(0xb4b9b0, FUTEX_WAIT_PRIVATE, 2, NULL <unfinished ...>
5841  futex(0xb19960, FUTEX_WAKE_PRIVATE, 1) = 0
5841  futex(0xb4b9b0, FUTEX_WAKE_PRIVATE, 1 <unfinished ...>
5843  <... futex resumed> )             = 0
5841  <... futex resumed> )             = 1
5843  futex(0xb4b9b0, FUTEX_WAKE_PRIVATE, 1 <unfinished ...>
5841  poll([{fd=13<anon_inode:[eventfd]>, events=POLLIN}], 1, 25000 <unfinished ...>
5843  <... futex resumed> )             = 0
5841  <... poll resumed> )              = 1 ([{fd=13, revents=POLLIN}])
5843  sendmsg(12<UNIX:[68283->68810]>, {msg_name(0)=NULL, msg_iov(1)=[{"l\1\0\1\0\0\0\0\n\0\0\0m\0\0\0\1\1o\0\27\0\0\0/org/freedesktop/login1\0\3\1s\0\n\0\0\0CanSuspend\0\0\0\0\0\0\2\1s\0\36\0\0\0org.freedesktop.login1.Manager\0\0\6\1s\0\4\0\0\0:1.1\0\0\0\0", 128}], msg_controllen=0, msg_flags=0}, MSG_NOSIGNAL <unfinished ...>
5841  poll([{fd=13<anon_inode:[eventfd]>, events=POLLIN}], 1, 25000 <unfinished ...>
5843  <... sendmsg resumed> )           = 128
5841  <... poll resumed> )              = 1 ([{fd=13, revents=POLLIN}])
5843  poll([{fd=6<UNIX:[65074->68282]>, events=POLLIN}, {fd=8<anon_inode:[eventfd]>, events=POLLIN}, {fd=12<UNIX:[68283->68810]>, events=POLLIN}], 3, 0 <unfinished ...>
5841  read(13<anon_inode:[eventfd]>,  <unfinished ...>
5843  <... poll resumed> )              = 0 (Timeout)
5841  <... read resumed> "\1\0\0\0\0\0\0\0", 16) = 8
5843  read(8<anon_inode:[eventfd]>,  <unfinished ...>
5841  poll([{fd=13<anon_inode:[eventfd]>, events=POLLIN}], 1, 25000 <unfinished ...>
5843  <... read resumed> 0x7f70631a3b70, 16) = -1 EAGAIN (Resource temporarily unavailable)
5843  poll([{fd=6<UNIX:[65074->68282]>, events=POLLIN}, {fd=8<anon_inode:[eventfd]>, events=POLLIN}, {fd=12<UNIX:[68283->68810]>, events=POLLIN}], 3, -1) = 1 ([{fd=12, revents=POLLIN}])
5843  write(8<anon_inode:[eventfd]>, "\1\0\0\0\0\0\0\0", 8) = 8
5843  recvmsg(12<UNIX:[68283->68810]>, {msg_name(0)=NULL, msg_iov(1)=[{"l\2\1\1\10\0\0\0\5\3\0\0-\0\0\0", 16}], msg_controllen=0, msg_flags=MSG_CMSG_CLOEXEC}, MSG_CMSG_CLOEXEC) = 16
5843  poll([{fd=12<UNIX:[68283->68810]>, events=POLLIN}], 1, 0) = 1 ([{fd=12, revents=POLLIN}])
5843  recvmsg(12<UNIX:[68283->68810]>, {msg_name(0)=NULL, msg_iov(1)=[{"\5\1u\0\n\0\0\0\6\1s\0\6\0\0\0:1.307\0\0\10\1g\0\1s\0\0\7\1s\0\4\0\0\0:1.1\0\0\0\0\3\0\0\0yes\0", 56}], msg_controllen=0, msg_flags=MSG_CMSG_CLOEXEC}, MSG_CMSG_CLOEXEC) = 56
5843  write(8<anon_inode:[eventfd]>, "\1\0\0\0\0\0\0\0", 8) = 8
5843  write(8<anon_inode:[eventfd]>, "\1\0\0\0\0\0\0\0", 8) = 8
5843  poll([{fd=6<UNIX:[65074->68282]>, events=POLLIN}, {fd=8<anon_inode:[eventfd]>, events=POLLIN}], 2, 0) = 1 ([{fd=8, revents=POLLIN}])
5843  write(13<anon_inode:[eventfd]>, "\1\0\0\0\0\0\0\0", 8) = 8
5841  <... poll resumed> )              = 1 ([{fd=13, revents=POLLIN}])
5843  poll([{fd=12<UNIX:[68283->68810]>, events=POLLIN}], 1, 0 <unfinished ...>
5841  read(13<anon_inode:[eventfd]>,  <unfinished ...>
5843  <... poll resumed> )              = 0 (Timeout)
5841  <... read resumed> "\1\0\0\0\0\0\0\0", 16) = 8
5843  write(8<anon_inode:[eventfd]>, "\1\0\0\0\0\0\0\0", 8 <unfinished ...>
5841  write(13<anon_inode:[eventfd]>, "\1\0\0\0\0\0\0\0", 8 <unfinished ...>
5843  <... write resumed> )             = 8
5841  <... write resumed> )             = 8
5843  poll([{fd=6<UNIX:[65074->68282]>, events=POLLIN}, {fd=8<anon_inode:[eventfd]>, events=POLLIN}, {fd=12<UNIX:[68283->68810]>, events=POLLIN}], 3, -1 <unfinished ...>
5841  futex(0xb4d410, FUTEX_WAKE_PRIVATE, 2147483647 <unfinished ...>
5843  <... poll resumed> )              = 1 ([{fd=8, revents=POLLIN}])
5841  <... futex resumed> )             = 0
5843  read(8<anon_inode:[eventfd]>,  <unfinished ...>
5841  close(13<anon_inode:[eventfd]> <unfinished ...>
5843  <... read resumed> "\4\0\0\0\0\0\0\0", 16) = 8
5841  <... close resumed> )             = 0
5843  poll([{fd=6<UNIX:[65074->68282]>, events=POLLIN}, {fd=8<anon_inode:[eventfd]>, events=POLLIN}, {fd=12<UNIX:[68283->68810]>, events=POLLIN}], 3, -1 <unfinished ...>
5841  eventfd2(0, EFD_CLOEXEC|EFD_NONBLOCK) = 13<anon_inode:[eventfd]>
5841  write(13<anon_inode:[eventfd]>, "\1\0\0\0\0\0\0\0", 8) = 8
5841  write(8<anon_inode:[eventfd]>, "\1\0\0\0\0\0\0\0", 8 <unfinished ...>
5843  <... poll resumed> )              = 1 ([{fd=8, revents=POLLIN}])
5841  <... write resumed> )             = 8
5843  futex(0xb19960, FUTEX_WAIT_PRIVATE, 2, NULL <unfinished ...>
5841  futex(0xb19960, FUTEX_WAKE_PRIVATE, 1 <unfinished ...>
5843  <... futex resumed> )             = -1 EAGAIN (Resource temporarily unavailable)
5841  <... futex resumed> )             = 0
5843  read(8<anon_inode:[eventfd]>,  <unfinished ...>
5841  futex(0xb19960, FUTEX_WAIT_PRIVATE, 2, NULL <unfinished ...>
5843  <... read resumed> "\1\0\0\0\0\0\0\0", 16) = 8
5843  futex(0xb19960, FUTEX_WAKE_PRIVATE, 1) = 1
5841  <... futex resumed> )             = 0
5843  futex(0xb4b9b0, FUTEX_WAIT_PRIVATE, 2, NULL <unfinished ...>
5841  futex(0xb19960, FUTEX_WAKE_PRIVATE, 1) = 0
5841  futex(0xb4b9b0, FUTEX_WAKE_PRIVATE, 1 <unfinished ...>
5843  <... futex resumed> )             = 0
5841  <... futex resumed> )             = 1
5843  futex(0xb4b9b0, FUTEX_WAKE_PRIVATE, 1 <unfinished ...>
5841  poll([{fd=13<anon_inode:[eventfd]>, events=POLLIN}], 1, 25000 <unfinished ...>
5843  <... futex resumed> )             = 0
5841  <... poll resumed> )              = 1 ([{fd=13, revents=POLLIN}])
5843  sendmsg(12<UNIX:[68283->68810]>, {msg_name(0)=NULL, msg_iov(1)=[{"l\1\0\1\0\0\0\0\v\0\0\0m\0\0\0\1\1o\0\27\0\0\0/org/freedesktop/login1\0\3\1s\0\f\0\0\0CanHibernate\0\0\0\0\2\1s\0\36\0\0\0org.freedesktop.login1.Manager\0\0\6\1s\0\4\0\0\0:1.1\0\0\0\0", 128}], msg_controllen=0, msg_flags=0}, MSG_NOSIGNAL <unfinished ...>
5841  poll([{fd=13<anon_inode:[eventfd]>, events=POLLIN}], 1, 25000 <unfinished ...>
5843  <... sendmsg resumed> )           = 128
5841  <... poll resumed> )              = 1 ([{fd=13, revents=POLLIN}])
5843  poll([{fd=6<UNIX:[65074->68282]>, events=POLLIN}, {fd=8<anon_inode:[eventfd]>, events=POLLIN}, {fd=12<UNIX:[68283->68810]>, events=POLLIN}], 3, 0 <unfinished ...>
5841  read(13<anon_inode:[eventfd]>,  <unfinished ...>
5843  <... poll resumed> )              = 0 (Timeout)
5841  <... read resumed> "\1\0\0\0\0\0\0\0", 16) = 8
5843  read(8<anon_inode:[eventfd]>,  <unfinished ...>
5841  poll([{fd=13<anon_inode:[eventfd]>, events=POLLIN}], 1, 25000 <unfinished ...>
5843  <... read resumed> 0x7f70631a3b70, 16) = -1 EAGAIN (Resource temporarily unavailable)
5843  poll([{fd=6<UNIX:[65074->68282]>, events=POLLIN}, {fd=8<anon_inode:[eventfd]>, events=POLLIN}, {fd=12<UNIX:[68283->68810]>, events=POLLIN}], 3, -1) = 1 ([{fd=12, revents=POLLIN}])
5843  write(8<anon_inode:[eventfd]>, "\1\0\0\0\0\0\0\0", 8) = 8
5843  recvmsg(12<UNIX:[68283->68810]>, {msg_name(0)=NULL, msg_iov(1)=[{"l\2\1\1\7\0\0\0\t\3\0\0-\0\0\0", 16}], msg_controllen=0, msg_flags=MSG_CMSG_CLOEXEC}, MSG_CMSG_CLOEXEC) = 16
5843  poll([{fd=12<UNIX:[68283->68810]>, events=POLLIN}], 1, 0) = 1 ([{fd=12, revents=POLLIN}])
5843  recvmsg(12<UNIX:[68283->68810]>, {msg_name(0)=NULL, msg_iov(1)=[{"\5\1u\0\v\0\0\0\6\1s\0\6\0\0\0:1.307\0\0\10\1g\0\1s\0\0\7\1s\0\4\0\0\0:1.1\0\0\0\0\2\0\0\0no\0", 55}], msg_controllen=0, msg_flags=MSG_CMSG_CLOEXEC}, MSG_CMSG_CLOEXEC) = 55
5843  write(8<anon_inode:[eventfd]>, "\1\0\0\0\0\0\0\0", 8) = 8
5843  write(8<anon_inode:[eventfd]>, "\1\0\0\0\0\0\0\0", 8) = 8
5843  poll([{fd=6<UNIX:[65074->68282]>, events=POLLIN}, {fd=8<anon_inode:[eventfd]>, events=POLLIN}], 2, 0) = 1 ([{fd=8, revents=POLLIN}])
5843  write(13<anon_inode:[eventfd]>, "\1\0\0\0\0\0\0\0", 8) = 8
5841  <... poll resumed> )              = 1 ([{fd=13, revents=POLLIN}])
5843  poll([{fd=12<UNIX:[68283->68810]>, events=POLLIN}], 1, 0 <unfinished ...>
5841  read(13<anon_inode:[eventfd]>,  <unfinished ...>
5843  <... poll resumed> )              = 0 (Timeout)
5841  <... read resumed> "\1\0\0\0\0\0\0\0", 16) = 8
5843  write(8<anon_inode:[eventfd]>, "\1\0\0\0\0\0\0\0", 8 <unfinished ...>
5841  write(13<anon_inode:[eventfd]>, "\1\0\0\0\0\0\0\0", 8 <unfinished ...>
5843  <... write resumed> )             = 8
5841  <... write resumed> )             = 8
5843  poll([{fd=6<UNIX:[65074->68282]>, events=POLLIN}, {fd=8<anon_inode:[eventfd]>, events=POLLIN}, {fd=12<UNIX:[68283->68810]>, events=POLLIN}], 3, -1 <unfinished ...>
5841  futex(0xb4d9f0, FUTEX_WAKE_PRIVATE, 2147483647 <unfinished ...>
5843  <... poll resumed> )              = 1 ([{fd=8, revents=POLLIN}])
5841  <... futex resumed> )             = 0
5843  read(8<anon_inode:[eventfd]>, "\4\0\0\0\0\0\0\0", 16) = 8
5841  close(13<anon_inode:[eventfd]> <unfinished ...>
5843  poll([{fd=6<UNIX:[65074->68282]>, events=POLLIN}, {fd=8<anon_inode:[eventfd]>, events=POLLIN}, {fd=12<UNIX:[68283->68810]>, events=POLLIN}], 3, -1 <unfinished ...>
5841  <... close resumed> )             = 0
5841  write(8<anon_inode:[eventfd]>, "\1\0\0\0\0\0\0\0", 8 <unfinished ...>
5843  <... poll resumed> )              = 1 ([{fd=8, revents=POLLIN}])
5841  <... write resumed> )             = 8
5843  futex(0xb19960, FUTEX_WAIT_PRIVATE, 2, NULL) = -1 EAGAIN (Resource temporarily unavailable)
5841  futex(0xb19960, FUTEX_WAKE_PRIVATE, 1 <unfinished ...>
5843  read(8<anon_inode:[eventfd]>,  <unfinished ...>
5841  <... futex resumed> )             = 0
5843  <... read resumed> "\1\0\0\0\0\0\0\0", 16) = 8
5841  futex(0xb19960, FUTEX_WAIT_PRIVATE, 2, NULL <unfinished ...>
5843  futex(0xb19960, FUTEX_WAKE_PRIVATE, 1 <unfinished ...>
5841  <... futex resumed> )             = -1 EAGAIN (Resource temporarily unavailable)
5843  <... futex resumed> )             = 0
5841  futex(0xb19960, FUTEX_WAKE_PRIVATE, 1 <unfinished ...>
5843  futex(0xb4b9b0, FUTEX_WAIT_PRIVATE, 2, NULL <unfinished ...>
5841  <... futex resumed> )             = 0
5841  futex(0xb4b9b0, FUTEX_WAKE_PRIVATE, 1 <unfinished ...>
5843  <... futex resumed> )             = 0
5841  <... futex resumed> )             = 1
5843  futex(0xb4b9b0, FUTEX_WAKE_PRIVATE, 1) = 0
5843  futex(0xb0d138, FUTEX_WAIT_PRIVATE, 2, NULL <unfinished ...>
5841  futex(0xb0d138, FUTEX_WAKE_PRIVATE, 1 <unfinished ...>
5843  <... futex resumed> )             = -1 EAGAIN (Resource temporarily unavailable)
5841  <... futex resumed> )             = 0
5843  futex(0xb0d138, FUTEX_WAKE_PRIVATE, 1 <unfinished ...>
5841  eventfd2(0, EFD_CLOEXEC|EFD_NONBLOCK <unfinished ...>
5843  <... futex resumed> )             = 0
5841  <... eventfd2 resumed> )          = 13<anon_inode:[eventfd]>
5843  sendmsg(12<UNIX:[68283->68810]>, {msg_name(0)=NULL, msg_iov(1)=[{"l\1\0\1\266\0\0\0\f\0\0\0}\0\0\0\10\1g\0\1s\0\0\1\1o\0\25\0\0\0/org/freedesktop/DBus\0\0\0\3\1s\0\10\0\0\0AddMatch\0\0\0\0\0\0\0\0\2\1s\0\24\0\0\0org.freedesktop.DBus\0\0\0\0\6\1s\0\24\0\0\0org.freedesktop.DBus\0\0\0\0\261\0\0\0type='signal',sender='org.freedesktop.UPower',interf"..., 326}], msg_controllen=0, msg_flags=0}, MSG_NOSIGNAL <unfinished ...>
5841  write(13<anon_inode:[eventfd]>, "\1\0\0\0\0\0\0\0", 8 <unfinished ...>
5843  <... sendmsg resumed> )           = 326
5841  <... write resumed> )             = 8
5843  poll([{fd=6<UNIX:[65074->68282]>, events=POLLIN}, {fd=8<anon_inode:[eventfd]>, events=POLLIN}, {fd=12<UNIX:[68283->68810]>, events=POLLIN}], 3, 0 <unfinished ...>
5841  poll([{fd=13<anon_inode:[eventfd]>, events=POLLIN}], 1, 25000 <unfinished ...>
5843  <... poll resumed> )              = 1 ([{fd=12, revents=POLLIN}])
5841  <... poll resumed> )              = 1 ([{fd=13, revents=POLLIN}])
5843  read(8<anon_inode:[eventfd]>,  <unfinished ...>
5841  poll([{fd=13<anon_inode:[eventfd]>, events=POLLIN}], 1, 25000 <unfinished ...>
5843  <... read resumed> 0x7f70631a3b70, 16) = -1 EAGAIN (Resource temporarily unavailable)
5841  <... poll resumed> )              = 1 ([{fd=13, revents=POLLIN}])
5843  write(8<anon_inode:[eventfd]>, "\1\0\0\0\0\0\0\0", 8 <unfinished ...>
5841  read(13<anon_inode:[eventfd]>,  <unfinished ...>
5843  <... write resumed> )             = 8
5841  <... read resumed> "\1\0\0\0\0\0\0\0", 16) = 8
5843  recvmsg(12<UNIX:[68283->68810]>,  <unfinished ...>
5841  poll([{fd=13<anon_inode:[eventfd]>, events=POLLIN}], 1, 25000 <unfinished ...>
5843  <... recvmsg resumed> {msg_name(0)=NULL, msg_iov(1)=[{"l\2\1\1\0\0\0\0\10\0\0\0005\0\0\0", 16}], msg_controllen=0, msg_flags=MSG_CMSG_CLOEXEC}, MSG_CMSG_CLOEXEC) = 16
5843  poll([{fd=12<UNIX:[68283->68810]>, events=POLLIN}], 1, 0) = 1 ([{fd=12, revents=POLLIN}])
5843  recvmsg(12<UNIX:[68283->68810]>, {msg_name(0)=NULL, msg_iov(1)=[{"\6\1s\0\6\0\0\0:1.307\0\0\5\1u\0\f\0\0\0\7\1s\0\24\0\0\0org.freedesktop.DBus\0\0\0\0", 56}], msg_controllen=0, msg_flags=MSG_CMSG_CLOEXEC}, MSG_CMSG_CLOEXEC) = 56
5843  write(8<anon_inode:[eventfd]>, "\1\0\0\0\0\0\0\0", 8) = 8
5843  write(8<anon_inode:[eventfd]>, "\1\0\0\0\0\0\0\0", 8) = 8
5843  sendmsg(12<UNIX:[68283->68810]>, {msg_name(0)=NULL, msg_iov(1)=[{"l\1\0\1t\0\0\0\r\0\0\0}\0\0\0\10\1g\0\1s\0\0\1\1o\0\25\0\0\0/org/freedesktop/DBus\0\0\0\3\1s\0\10\0\0\0AddMatch\0\0\0\0\0\0\0\0\2\1s\0\24\0\0\0org.freedesktop.DBus\0\0\0\0\6\1s\0\24\0\0\0org.freedesktop.DBus\0\0\0\0o\0\0\0type='signal',sender='org.freedesktop.UPower',interf"..., 260}], msg_controllen=0, msg_flags=0}, MSG_NOSIGNAL) = 260
5843  poll([{fd=6<UNIX:[65074->68282]>, events=POLLIN}, {fd=8<anon_inode:[eventfd]>, events=POLLIN}], 2, 0) = 1 ([{fd=8, revents=POLLIN}])
5843  poll([{fd=12<UNIX:[68283->68810]>, events=POLLIN}], 1, 0) = 1 ([{fd=12, revents=POLLIN}])
5843  recvmsg(12<UNIX:[68283->68810]>, {msg_name(0)=NULL, msg_iov(1)=[{"l\2\1\1\0\0\0\0\t\0\0\0005\0\0\0", 16}], msg_controllen=0, msg_flags=MSG_CMSG_CLOEXEC}, MSG_CMSG_CLOEXEC) = 16
5843  sendmsg(12<UNIX:[68283->68810]>, {msg_name(0)=NULL, msg_iov(1)=[{"l\1\0\1\246\0\0\0\16\0\0\0}\0\0\0\10\1g\0\1s\0\0\1\1o\0\25\0\0\0/org/freedesktop/DBus\0\0\0\3\1s\0\10\0\0\0AddMatch\0\0\0\0\0\0\0\0\2\1s\0\24\0\0\0org.freedesktop.DBus\0\0\0\0\6\1s\0\24\0\0\0org.freedesktop.DBus\0\0\0\0\241\0\0\0type='signal',sender='org.freedesktop.DBus',interfac"..., 310}], msg_controllen=0, msg_flags=0}, MSG_NOSIGNAL) = 310
5843  poll([{fd=6<UNIX:[65074->68282]>, events=POLLIN}, {fd=8<anon_inode:[eventfd]>, events=POLLIN}], 2, 0) = 1 ([{fd=8, revents=POLLIN}])
5843  read(8<anon_inode:[eventfd]>, "\3\0\0\0\0\0\0\0", 16) = 8
5843  poll([{fd=12<UNIX:[68283->68810]>, events=POLLIN}], 1, 0) = 1 ([{fd=12, revents=POLLIN}])
5843  recvmsg(12<UNIX:[68283->68810]>, {msg_name(0)=NULL, msg_iov(1)=[{"\6\1s\0\6\0\0\0:1.307\0\0\5\1u\0\r\0\0\0\7\1s\0\24\0\0\0org.freedesktop.DBus\0\0\0\0", 56}], msg_controllen=0, msg_flags=MSG_CMSG_CLOEXEC}, MSG_CMSG_CLOEXEC) = 56
5843  sendmsg(12<UNIX:[68283->68810]>, {msg_name(0)=NULL, msg_iov(1)=[{"l\1\0\1 \0\0\0\17\0\0\0\205\0\0\0\10\1g\0\2su\0\1\1o\0\25\0\0\0/org/freedesktop/DBus\0\0\0\3\1s\0\22\0\0\0StartServiceByName\0\0\0\0\0\0\2\1s\0\24\0\0\0org.freedesktop.DBus\0\0\0\0\6\1s\0\24\0\0\0org.freedesktop.DBus\0\0\0\0\26\0\0\0org.freedesktop.UPower\0\0\0\0\0\0", 184}], msg_controllen=0, msg_flags=0}, MSG_NOSIGNAL) = 184
5843  poll([{fd=6<UNIX:[65074->68282]>, events=POLLIN}, {fd=8<anon_inode:[eventfd]>, events=POLLIN}], 2, 0) = 0 (Timeout)
5843  read(8<anon_inode:[eventfd]>, 0x7f70631a3b70, 16) = -1 EAGAIN (Resource temporarily unavailable)
5843  poll([{fd=12<UNIX:[68283->68810]>, events=POLLIN}], 1, 0) = 1 ([{fd=12, revents=POLLIN}])
5843  recvmsg(12<UNIX:[68283->68810]>, {msg_name(0)=NULL, msg_iov(1)=[{"l\2\1\1\0\0\0\0\n\0\0\0005\0\0\0", 16}], msg_controllen=0, msg_flags=MSG_CMSG_CLOEXEC}, MSG_CMSG_CLOEXEC) = 16
5843  poll([{fd=6<UNIX:[65074->68282]>, events=POLLIN}, {fd=8<anon_inode:[eventfd]>, events=POLLIN}], 2, 0) = 0 (Timeout)
5843  poll([{fd=12<UNIX:[68283->68810]>, events=POLLIN}], 1, 0) = 1 ([{fd=12, revents=POLLIN}])
5843  recvmsg(12<UNIX:[68283->68810]>, {msg_name(0)=NULL, msg_iov(1)=[{"\6\1s\0\6\0\0\0:1.307\0\0\5\1u\0\16\0\0\0\7\1s\0\24\0\0\0org.freedesktop.DBus\0\0\0\0", 56}], msg_controllen=0, msg_flags=MSG_CMSG_CLOEXEC}, MSG_CMSG_CLOEXEC) = 56
5843  poll([{fd=6<UNIX:[65074->68282]>, events=POLLIN}, {fd=8<anon_inode:[eventfd]>, events=POLLIN}], 2, 0) = 0 (Timeout)
5843  poll([{fd=12<UNIX:[68283->68810]>, events=POLLIN}], 1, 0) = 1 ([{fd=12, revents=POLLIN}])
5843  recvmsg(12<UNIX:[68283->68810]>, {msg_name(0)=NULL, msg_iov(1)=[{"l\2\1\1\4\0\0\0\v\0\0\0=\0\0\0", 16}], msg_controllen=0, msg_flags=MSG_CMSG_CLOEXEC}, MSG_CMSG_CLOEXEC) = 16
5843  poll([{fd=6<UNIX:[65074->68282]>, events=POLLIN}, {fd=8<anon_inode:[eventfd]>, events=POLLIN}], 2, 0) = 0 (Timeout)
5843  poll([{fd=12<UNIX:[68283->68810]>, events=POLLIN}], 1, 0) = 1 ([{fd=12, revents=POLLIN}])
5843  recvmsg(12<UNIX:[68283->68810]>, {msg_name(0)=NULL, msg_iov(1)=[{"\6\1s\0\6\0\0\0:1.307\0\0\5\1u\0\17\0\0\0\10\1g\0\1u\0\0\7\1s\0\24\0\0\0org.freedesktop.DBus\0\0\0\0\2\0\0\0", 68}], msg_controllen=0, msg_flags=MSG_CMSG_CLOEXEC}, MSG_CMSG_CLOEXEC) = 68
5843  poll([{fd=6<UNIX:[65074->68282]>, events=POLLIN}, {fd=8<anon_inode:[eventfd]>, events=POLLIN}], 2, 0) = 0 (Timeout)
5843  write(13<anon_inode:[eventfd]>, "\1\0\0\0\0\0\0\0", 8) = 8
5841  <... poll resumed> )              = 1 ([{fd=13, revents=POLLIN}])
5843  poll([{fd=12<UNIX:[68283->68810]>, events=POLLIN}], 1, 0 <unfinished ...>
5841  read(13<anon_inode:[eventfd]>,  <unfinished ...>
5843  <... poll resumed> )              = 0 (Timeout)
5841  <... read resumed> "\1\0\0\0\0\0\0\0", 16) = 8
5843  write(8<anon_inode:[eventfd]>, "\1\0\0\0\0\0\0\0", 8) = 8
5843  futex(0xb19960, FUTEX_WAKE_PRIVATE, 1 <unfinished ...>
5841  futex(0xb19960, FUTEX_WAIT_PRIVATE, 2, NULL <unfinished ...>
5843  <... futex resumed> )             = 0
5841  <... futex resumed> )             = -1 EAGAIN (Resource temporarily unavailable)
5843  poll([{fd=6<UNIX:[65074->68282]>, events=POLLIN}, {fd=8<anon_inode:[eventfd]>, events=POLLIN}, {fd=12<UNIX:[68283->68810]>, events=POLLIN}], 3, -1 <unfinished ...>
5841  write(8<anon_inode:[eventfd]>, "\1\0\0\0\0\0\0\0", 8 <unfinished ...>
5843  <... poll resumed> )              = 1 ([{fd=8, revents=POLLIN}])
5841  <... write resumed> )             = 8
5843  futex(0xb19960, FUTEX_WAIT_PRIVATE, 2, NULL <unfinished ...>
5841  futex(0xb19960, FUTEX_WAKE_PRIVATE, 1 <unfinished ...>
5843  <... futex resumed> )             = -1 EAGAIN (Resource temporarily unavailable)
5841  <... futex resumed> )             = 0
5843  futex(0xb19960, FUTEX_WAKE_PRIVATE, 1) = 0
5841  poll([{fd=13<anon_inode:[eventfd]>, events=POLLIN}], 1, 25000 <unfinished ...>
5843  sendmsg(12<UNIX:[68283->68810]>, {msg_name(0)=NULL, msg_iov(1)=[{"l\1\0\1\33\0\0\0\20\0\0\0}\0\0\0\10\1g\0\1s\0\0\1\1o\0\25\0\0\0/org/freedesktop/DBus\0\0\0\3\1s\0\f\0\0\0GetNameOwner\0\0\0\0\2\1s\0\24\0\0\0org.freedesktop.DBus\0\0\0\0\6\1s\0\24\0\0\0org.freedesktop.DBus\0\0\0\0\26\0\0\0org.freedesktop.UPower\0", 171}], msg_controllen=0, msg_flags=0}, MSG_NOSIGNAL) = 171
5843  poll([{fd=6<UNIX:[65074->68282]>, events=POLLIN}, {fd=8<anon_inode:[eventfd]>, events=POLLIN}, {fd=12<UNIX:[68283->68810]>, events=POLLIN}], 3, 0) = 2 ([{fd=8, revents=POLLIN}, {fd=12, revents=POLLIN}])
5843  read(8<anon_inode:[eventfd]>, "\2\0\0\0\0\0\0\0", 16) = 8
5843  write(8<anon_inode:[eventfd]>, "\1\0\0\0\0\0\0\0", 8) = 8
5843  recvmsg(12<UNIX:[68283->68810]>, {msg_name(0)=NULL, msg_iov(1)=[{"l\2\1\1\n\0\0\0\f\0\0\0=\0\0\0", 16}], msg_controllen=0, msg_flags=MSG_CMSG_CLOEXEC}, MSG_CMSG_CLOEXEC) = 16
5843  poll([{fd=12<UNIX:[68283->68810]>, events=POLLIN}], 1, 0) = 1 ([{fd=12, revents=POLLIN}])
5843  recvmsg(12<UNIX:[68283->68810]>, {msg_name(0)=NULL, msg_iov(1)=[{"\6\1s\0\6\0\0\0:1.307\0\0\5\1u\0\20\0\0\0\10\1g\0\1s\0\0\7\1s\0\24\0\0\0org.freedesktop.DBus\0\0\0\0\5\0\0\0:1.69\0", 74}], msg_controllen=0, msg_flags=MSG_CMSG_CLOEXEC}, MSG_CMSG_CLOEXEC) = 74
5843  write(8<anon_inode:[eventfd]>, "\1\0\0\0\0\0\0\0", 8) = 8
5843  write(8<anon_inode:[eventfd]>, "\1\0\0\0\0\0\0\0", 8) = 8
5843  poll([{fd=6<UNIX:[65074->68282]>, events=POLLIN}, {fd=8<anon_inode:[eventfd]>, events=POLLIN}], 2, 0) = 1 ([{fd=8, revents=POLLIN}])
5843  read(8<anon_inode:[eventfd]>, "\3\0\0\0\0\0\0\0", 16) = 8
5843  write(13<anon_inode:[eventfd]>, "\1\0\0\0\0\0\0\0", 8) = 8
5841  <... poll resumed> )              = 1 ([{fd=13, revents=POLLIN}])
5843  poll([{fd=12<UNIX:[68283->68810]>, events=POLLIN}], 1, 0 <unfinished ...>
5841  read(13<anon_inode:[eventfd]>,  <unfinished ...>
5843  <... poll resumed> )              = 0 (Timeout)
5841  <... read resumed> "\1\0\0\0\0\0\0\0", 16) = 8
5843  write(8<anon_inode:[eventfd]>, "\1\0\0\0\0\0\0\0", 8) = 8
5841  futex(0xb19960, FUTEX_WAIT_PRIVATE, 2, NULL <unfinished ...>
5843  futex(0xb19960, FUTEX_WAKE_PRIVATE, 1 <unfinished ...>
5841  <... futex resumed> )             = -1 EAGAIN (Resource temporarily unavailable)
5843  <... futex resumed> )             = 0
5841  write(8<anon_inode:[eventfd]>, "\1\0\0\0\0\0\0\0", 8 <unfinished ...>
5843  futex(0xb19960, FUTEX_WAIT_PRIVATE, 2, NULL <unfinished ...>
5841  <... write resumed> )             = 8
5841  futex(0xb19960, FUTEX_WAKE_PRIVATE, 1 <unfinished ...>
5843  <... futex resumed> )             = 0
5841  <... futex resumed> )             = 1
5843  futex(0xb19960, FUTEX_WAKE_PRIVATE, 1) = 0
5841  poll([{fd=13<anon_inode:[eventfd]>, events=POLLIN}], 1, 25000 <unfinished ...>
5843  poll([{fd=6<UNIX:[65074->68282]>, events=POLLIN}, {fd=8<anon_inode:[eventfd]>, events=POLLIN}, {fd=12<UNIX:[68283->68810]>, events=POLLIN}], 3, 0) = 1 ([{fd=8, revents=POLLIN}])
5843  read(8<anon_inode:[eventfd]>, "\2\0\0\0\0\0\0\0", 16) = 8
5843  sendmsg(12<UNIX:[68283->68810]>, {msg_name(0)=NULL, msg_iov(1)=[{"l\1\0\1\33\0\0\0\21\0\0\0n\0\0\0\10\1g\0\1s\0\0\1\1o\0\27\0\0\0/org/freedesktop/UPower\0\3\1s\0\6\0\0\0GetAll\0\0\2\1s\0\37\0\0\0org.freedesktop.DBus.Properties\0\6\1s\0\5\0\0\0:1.69\0\0\0\26\0\0\0org.freedesktop.UPower\0", 155}], msg_controllen=0, msg_flags=0}, MSG_NOSIGNAL) = 155
5843  poll([{fd=6<UNIX:[65074->68282]>, events=POLLIN}, {fd=8<anon_inode:[eventfd]>, events=POLLIN}, {fd=12<UNIX:[68283->68810]>, events=POLLIN}], 3, 0) = 0 (Timeout)
5843  read(8<anon_inode:[eventfd]>, 0x7f70631a3b70, 16) = -1 EAGAIN (Resource temporarily unavailable)
5843  poll([{fd=6<UNIX:[65074->68282]>, events=POLLIN}, {fd=8<anon_inode:[eventfd]>, events=POLLIN}, {fd=12<UNIX:[68283->68810]>, events=POLLIN}], 3, -1) = 1 ([{fd=12, revents=POLLIN}])
5843  write(8<anon_inode:[eventfd]>, "\1\0\0\0\0\0\0\0", 8) = 8
5843  recvmsg(12<UNIX:[68283->68810]>, {msg_name(0)=NULL, msg_iov(1)=[{"l\2\1\1x\0\0\0?\0\0\0006\0\0\0", 16}], msg_controllen=0, msg_flags=MSG_CMSG_CLOEXEC}, MSG_CMSG_CLOEXEC) = 16
5843  poll([{fd=12<UNIX:[68283->68810]>, events=POLLIN}], 1, 0) = 1 ([{fd=12, revents=POLLIN}])
5843  recvmsg(12<UNIX:[68283->68810]>, {msg_name(0)=NULL, msg_iov(1)=[{"\10\1g\0\5a{sv}\0\0\0\0\0\0\5\1u\0\21\0\0\0\6\1s\0\6\0\0\0:1.307\0\0\7\1s\0\5\0\0\0:1.69\0\0\0p\0\0\0\0\0\0\0\r\0\0\0DaemonVersion\0\1s\0\0\0\0\6\0\0\0000.99.4\0\0\0\0\0\0\t\0\0\0OnBattery\0\1b\0\0\0\0\0\0\0\0\v\0\0\0LidIsClosed\0\1b\0\0\0\0\0\0\f\0\0\0LidIsPresent\0\1b\0\0\0\0\0", 176}], msg_controllen=0, msg_flags=MSG_CMSG_CLOEXEC}, MSG_CMSG_CLOEXEC) = 176
5843  write(8<anon_inode:[eventfd]>, "\1\0\0\0\0\0\0\0", 8) = 8
5843  write(8<anon_inode:[eventfd]>, "\1\0\0\0\0\0\0\0", 8) = 8
5843  poll([{fd=6<UNIX:[65074->68282]>, events=POLLIN}, {fd=8<anon_inode:[eventfd]>, events=POLLIN}], 2, 0) = 1 ([{fd=8, revents=POLLIN}])
5843  write(13<anon_inode:[eventfd]>, "\1\0\0\0\0\0\0\0", 8) = 8
5841  <... poll resumed> )              = 1 ([{fd=13, revents=POLLIN}])
5843  poll([{fd=12<UNIX:[68283->68810]>, events=POLLIN}], 1, 0 <unfinished ...>
5841  read(13<anon_inode:[eventfd]>,  <unfinished ...>
5843  <... poll resumed> )              = 0 (Timeout)
5841  <... read resumed> "\1\0\0\0\0\0\0\0", 16) = 8
5843  write(8<anon_inode:[eventfd]>, "\1\0\0\0\0\0\0\0", 8 <unfinished ...>
5841  write(13<anon_inode:[eventfd]>, "\1\0\0\0\0\0\0\0", 8 <unfinished ...>
5843  <... write resumed> )             = 8
5841  <... write resumed> )             = 8
5843  poll([{fd=6<UNIX:[65074->68282]>, events=POLLIN}, {fd=8<anon_inode:[eventfd]>, events=POLLIN}, {fd=12<UNIX:[68283->68810]>, events=POLLIN}], 3, -1 <unfinished ...>
5841  futex(0xb4f710, FUTEX_WAKE_PRIVATE, 2147483647 <unfinished ...>
5843  <... poll resumed> )              = 1 ([{fd=8, revents=POLLIN}])
5841  <... futex resumed> )             = 0
5843  read(8<anon_inode:[eventfd]>, "\4\0\0\0\0\0\0\0", 16) = 8
5841  close(13<anon_inode:[eventfd]> <unfinished ...>
5843  poll([{fd=6<UNIX:[65074->68282]>, events=POLLIN}, {fd=8<anon_inode:[eventfd]>, events=POLLIN}, {fd=12<UNIX:[68283->68810]>, events=POLLIN}], 3, -1 <unfinished ...>
5841  <... close resumed> )             = 0
5841  eventfd2(0, EFD_CLOEXEC|EFD_NONBLOCK) = 13<anon_inode:[eventfd]>
5841  write(13<anon_inode:[eventfd]>, "\1\0\0\0\0\0\0\0", 8) = 8
5841  write(8<anon_inode:[eventfd]>, "\1\0\0\0\0\0\0\0", 8 <unfinished ...>
5843  <... poll resumed> )              = 1 ([{fd=8, revents=POLLIN}])
5841  <... write resumed> )             = 8
5843  futex(0xb19960, FUTEX_WAIT_PRIVATE, 2, NULL <unfinished ...>
5841  futex(0xb19960, FUTEX_WAKE_PRIVATE, 1 <unfinished ...>
5843  <... futex resumed> )             = -1 EAGAIN (Resource temporarily unavailable)
